npm warn deprecated whatwg-encoding@1.0.5: Use @exodus/bytes instead for a more spec-conformant and faster implementation
npm warn deprecated w3c-hr-time@1.0.2: Use your platform's native performance.now() and performance.timeOrigin.
npm warn deprecated stable@0.1.8: Modern JS already guarantees Array#sort() is a stable sort, so this library is deprecated. See the compatibility table on MDN: https://developer.mozilla.org/en-US/docs/Web/JavaScript/Reference/Global_Objects/Array/sort#browser_compatibility
npm warn deprecated sourcemap-codec@1.4.8: Please use @jridgewell/sourcemap-codec instead
npm warn deprecated rimraf@3.0.2: Rimraf versions prior to v4 are no longer supported
npm warn deprecated rollup-plugin-terser@7.0.2: This package has been deprecated and is no longer maintained. Please use @rollup/plugin-terser
npm warn deprecated q@1.5.1: You or someone you depend on is using Q, the JavaScript Promise library that gave JavaScript developers strong feelings about promises. They can almost certainly migrate to the native JavaScript promise now. Thank you literally everyone for joining me in this bet against the odds. Be excellent to each other.
npm warn deprecated
npm warn deprecated (For a CapTP with native promises, see @endo/eventual-send and @endo/captp)
npm warn deprecated workbox-cacheable-response@6.6.0: workbox-background-sync@6.6.0
npm warn deprecated workbox-google-analytics@6.6.0: It is not compatible with newer versions of GA starting with v4, as long as you are using GAv3 it should be ok, but the package is not longer being maintained
npm warn deprecated inflight@1.0.6: This module is not supported, and leaks memory. Do not use it. Check out lru-cache if you want a good and tested way to coalesce async requests by a key value, which is much more comprehensive and powerful.
npm warn deprecated glob@7.2.3: Old versions of glob are not supported, and contain widely publicized security vulnerabilities, which have been fixed in the current version. Please update. Support for old versions may be purchased (at exorbitant rates) by contacting i@izs.me
npm warn deprecated domexception@2.0.1: Use your platform's native DOMException instead
npm warn deprecated abab@2.0.6: Use your platform's native atob() and btoa() methods instead
npm warn deprecated svgo@1.3.2: This SVGO version is no longer supported. Upgrade to v2.x.x.
npm warn deprecated @humanwhocodes/object-schema@2.0.3: Use @eslint/object-schema instead
npm warn deprecated @humanwhocodes/config-array@0.13.0: Use @eslint/config-array instead
npm warn deprecated @babel/plugin-proposal-optional-chaining@7.21.0: This proposal has been merged to the ECMAScript standard and thus this plugin is no longer maintained. Please use @babel/plugin-transform-optional-chaining instead.
npm warn deprecated @babel/plugin-proposal-private-property-in-object@7.21.11: This proposal has been merged to the ECMAScript standard and thus this plugin is no longer maintained. Please use @babel/plugin-transform-private-property-in-object instead.
npm warn deprecated @babel/plugin-proposal-class-properties@7.18.6: This proposal has been merged to the ECMAScript standard and thus this plugin is no longer maintained. Please use @babel/plugin-transform-class-properties instead.
npm warn deprecated @babel/plugin-proposal-numeric-separator@7.18.6: This proposal has been merged to the ECMAScript standard and thus this plugin is no longer maintained. Please use @babel/plugin-transform-numeric-separator instead.
npm warn deprecated @babel/plugin-proposal-nullish-coalescing-operator@7.18.6: This proposal has been merged to the ECMAScript standard and thus this plugin is no longer maintained. Please use @babel/plugin-transform-nullish-coalescing-operator instead.
npm warn deprecated @babel/plugin-proposal-private-methods@7.18.6: This proposal has been merged to the ECMAScript standard and thus this plugin is no longer maintained. Please use @babel/plugin-transform-private-methods instead.
npm warn deprecated source-map@0.8.0-beta.0: The work that was done in this beta branch won't be included in future versions
npm warn deprecated source-map-resolve@0.6.0: See https://github.com/lydell/source-map-resolve#deprecated
npm warn deprecated @material-ui/system@4.12.1: You can now upgrade to @mui/system. See the guide: https://mui.com/guides/migration-v4/
npm warn deprecated @material-ui/styles@4.11.4: Material UI v4 doesn't receive active development since September 2021. See the guide https://mui.com/material-ui/migration/migration-v4/ to upgrade to v5.
npm warn deprecated eslint@8.57.1: This version is no longer supported. Please see https://eslint.org/version-support for other options.
npm warn deprecated @material-ui/core@4.12.3: Material UI v4 doesn't receive active development since September 2021. See the guide https://mui.com/material-ui/migration/migration-v4/ to upgrade to v5.
npm warn deprecated @material-ui/icons@4.11.2: You can now upgrade to @mui/icons. See the guide: https://mui.com/guides/migration-v4/

> advanced-task-chat-demo@0.1.0 postinstall
> patch-package

patch-package 8.0.1
Applying patches...
react-scripts@5.0.1 ✔

added 1773 packages, and audited 1774 packages in 31s

320 packages are looking for funding
  run `npm fund` for details

31 vulnerabilities (1 low, 27 moderate, 2 high, 1 critical)

To address issues that do not require attention, run:
  npm audit fix

To address all issues (including breaking changes), run:
  npm audit fix --force

Run `npm audit` for details.

changed 25 packages, and audited 1774 packages in 9s

321 packages are looking for funding
  run `npm fund` for details

# npm audit report

form-data  3.0.0 - 3.0.4
Severity: high
form-data: CRLF injection in form-data via unescaped multipart field names and filenames - https://github.com/advisories/GHSA-hmw2-7cc7-3qxx
fix available via `npm audit fix`
node_modules/form-data

http-proxy-middleware  0.16.0 - 3.0.5
Severity: moderate
http-proxy-middleware `router` host+path substring matching allows Host-header-driven backend routing bypass - https://github.com/advisories/GHSA-64mm-vxmg-q3vj
fix available via `npm audit fix --force`
Will install react-scripts@0.2.3, which is a breaking change
node_modules/http-proxy-middleware
  webpack-dev-server  >=1.15.0
  Depends on vulnerable versions of http-proxy-middleware
  Depends on vulnerable versions of sockjs
  node_modules/webpack-dev-server
    @pmmmwh/react-refresh-webpack-plugin  >=0.3.1
    Depends on vulnerable versions of webpack-dev-server
    node_modules/@pmmmwh/react-refresh-webpack-plugin
      react-scripts  >=0.3.0-alpha
      Depends on vulnerable versions of @pmmmwh/react-refresh-webpack-plugin
      Depends on vulnerable versions of @svgr/webpack
      Depends on vulnerable versions of babel-jest
      Depends on vulnerable versions of jest
      Depends on vulnerable versions of jest-watch-typeahead
      Depends on vulnerable versions of webpack-dev-server
      node_modules/react-scripts

js-yaml  <=4.1.1
Severity: moderate
JS-YAML: Quadratic-complexity DoS in merge key handling via repeated aliases - https://github.com/advisories/GHSA-h67p-54hq-rp68
fix available via `npm audit fix --force`
Will install react-scripts@0.2.3, which is a breaking change
node_modules/js-yaml
  @istanbuljs/load-nyc-config  *
  Depends on vulnerable versions of js-yaml
  node_modules/@istanbuljs/load-nyc-config
    babel-plugin-istanbul  >=6.0.0-beta.0
    Depends on vulnerable versions of @istanbuljs/load-nyc-config
    node_modules/babel-plugin-istanbul
      @jest/transform  >=25.1.0
      Depends on vulnerable versions of babel-plugin-istanbul
      node_modules/@jest/transform
        @jest/core  >=25.1.0
        Depends on vulnerable versions of @jest/reporters
        Depends on vulnerable versions of @jest/transform
        Depends on vulnerable versions of jest-config
        Depends on vulnerable versions of jest-resolve-dependencies
        Depends on vulnerable versions of jest-runner
        Depends on vulnerable versions of jest-runtime
        Depends on vulnerable versions of jest-snapshot
        node_modules/@jest/core
          jest  >=25.1.0
          Depends on vulnerable versions of @jest/core
          Depends on vulnerable versions of jest-cli
          node_modules/jest
            jest-watch-typeahead  >=0.6.0
            Depends on vulnerable versions of jest
            node_modules/jest-watch-typeahead
          jest-cli  >=25.1.0
          Depends on vulnerable versions of @jest/core
          Depends on vulnerable versions of jest-config
          node_modules/jest-cli
        @jest/reporters  >=25.1.0
        Depends on vulnerable versions of @jest/transform
        node_modules/@jest/reporters
        jest-runner  >=25.1.0
        Depends on vulnerable versions of @jest/transform
        Depends on vulnerable versions of jest-runtime
        node_modules/jest-runner
          jest-config  >=25.1.0
          Depends on vulnerable versions of @jest/test-sequencer
          Depends on vulnerable versions of babel-jest
          Depends on vulnerable versions of jest-circus
          Depends on vulnerable versions of jest-jasmine2
          Depends on vulnerable versions of jest-runner
          node_modules/jest-config
        jest-runtime  >=25.1.0
        Depends on vulnerable versions of @jest/transform
        Depends on vulnerable versions of jest-snapshot
        node_modules/jest-runtime
          @jest/test-sequencer  25.1.0 - 28.0.0-alpha.11
          Depends on vulnerable versions of jest-runtime
          node_modules/@jest/test-sequencer
          jest-circus  >=25.2.4
          Depends on vulnerable versions of jest-runtime
          Depends on vulnerable versions of jest-snapshot
          node_modules/jest-circus
          jest-jasmine2  >=25.1.0
          Depends on vulnerable versions of jest-runtime
          Depends on vulnerable versions of jest-snapshot
          node_modules/jest-jasmine2
        jest-snapshot  >=27.0.0-next.0
        Depends on vulnerable versions of @jest/transform
        node_modules/jest-snapshot
          jest-resolve-dependencies  >=27.0.0-next.0
          Depends on vulnerable versions of jest-snapshot
          node_modules/jest-resolve-dependencies
      babel-jest  >=25.1.0
      Depends on vulnerable versions of @jest/transform
      Depends on vulnerable versions of babel-plugin-istanbul
      node_modules/babel-jest
  svgo  0.4.2 - 1.3.2
  Depends on vulnerable versions of js-yaml
  node_modules/svgo
    @svgr/plugin-svgo  <=5.5.0
    Depends on vulnerable versions of svgo
    node_modules/@svgr/plugin-svgo
      @svgr/webpack  4.0.0 - 5.5.0
      Depends on vulnerable versions of @svgr/plugin-svgo
      node_modules/@svgr/webpack

uuid  <11.1.1
Severity: moderate
uuid: Missing buffer bounds check in v3/v5/v6 when buf is provided - https://github.com/advisories/GHSA-w5hq-g745-h8pq
fix available via `npm audit fix --force`
Will install react-scripts@0.2.3, which is a breaking change
node_modules/uuid
  sockjs  >=0.3.17
  Depends on vulnerable versions of uuid
  node_modules/sockjs

ws  7.0.0 - 7.5.10
Severity: high
ws: Memory exhaustion DoS from tiny fragments and data chunks - https://github.com/advisories/GHSA-96hv-2xvq-fx4p
fix available via `npm audit fix`
node_modules/ws

29 vulnerabilities (27 moderate, 2 high)

To address issues that do not require attention, run:
  npm audit fix

To address all issues (including breaking changes), run:
  npm audit fix --force
